// Jest Snapshot v1, https://goo.gl/fbAQLP

exports[`CartEmpty Should match snapshot 1`] = `
<a
  href="/"
>
  <button
    class="root"
  >
    <span>
      Вернуться на главную
    </span>
  </button>
</a>
`;
